// Vitest Snapshot v1, https://vitest.dev/guide/snapshot.html

exports[`NakedImage > explicit sizes > renders correctly 1`] = `
<body>
  <div>
    <picture
      data-testid="picture"
    >
       
      <source
        sizes="(max-width: 600px) 200px, 50vw"
        srcset="https://www.datocms-assets.com/205/image.png?ar=16%3A9&fit=crop&w=750&dpr=0.25 187w,https://www.datocms-assets.com/205/image.png?ar=16%3A9&fit=crop&w=750&dpr=0.5 375w,https://www.datocms-assets.com/205/image.png?ar=16%3A9&fit=crop&w=750&dpr=0.75 562w,https://www.datocms-assets.com/205/image.png?ar=16%3A9&fit=crop&w=750 750w,https://www.datocms-assets.com/205/image.png?ar=16%3A9&fit=crop&w=750&dpr=1.5 1125w,https://www.datocms-assets.com/205/image.png?ar=16%3A9&fit=crop&w=750&dpr=2 1500w,https://www.datocms-assets.com/205/image.png?ar=16%3A9&fit=crop&w=750&dpr=3 2250w,https://www.datocms-assets.com/205/image.png?ar=16%3A9&fit=crop&w=750&dpr=4 3000w"
      />
       
      <img
        alt=""
        data-testid="img"
        loading="lazy"
        referrerpolicy="no-referrer-when-downgrade"
        src="https://www.datocms-assets.com/205/image.png?ar=16%3A9&fit=crop&w=750"
        style="background-image: url(data:image/jpeg;base64,/9j/4AAQSkZJRgABAQAAAQABAAD/2wCEAAoHBwgHBgoICAgLFQoLDhgQDg0NDh0eHREYIx8lJCIrHB0dLSs7GikyKSEuKjUlKDk1MjIyHyo4PTc+PDcxPjUBCgsLDg0OHBAQHDsoIig7Ozs7Ozs7OzsvOzs7Ozs7Ozs7Lzs7Ozs7Ozs7OzsvOzs7NTsvLy87NTU1Ly8vLzsvL//AABEIAA0AGAMBIgACEQEDEQH/xAAYAAACAwAAAAAAAAAAAAAAAAAGBwABBP/EACEQAAEEAAYDAAAAAAAAAAAAAAEAAgMEBQYHESEiFWFx/8QAFQEBAQAAAAAAAAAAAAAAAAAAAwL/xAAZEQADAAMAAAAAAAAAAAAAAAAAAQIRITH/2gAMAwEAAhEDEQA/AFxLgDWTsAd1J5TGy7hEYqNAaNgECX7sjLMQAHJTEy1Zcarfia4lJMauAxqBhLY6ZlaOzDurWvUOd3jZPfCiEh4xs//Z); background-size: cover; background-repeat: no-repeat; background-position: 50% 50%; color: transparent; aspect-ratio: 750 / 421; width: 100%; max-width: 750px; height: auto;"
      />
    </picture>
    <!--&lt;NakedImage&gt;-->
  </div>
</body>
`;

exports[`NakedImage > full data > renders correctly 1`] = `
<body>
  <div>
    <picture
      data-testid="picture"
    >
       
      <source
        sizes="(max-width: 750px) 100vw, 750px"
        srcset="https://www.datocms-assets.com/205/image.png?ar=16%3A9&dpr=0.25&fit=crop&w=750 187w,↵https://www.datocms-assets.com/205/image.png?ar=16%3A9&dpr=0.5&fit=crop&w=750 375w,↵https://www.datocms-assets.com/205/image.png?ar=16%3A9&dpr=0.75&fit=crop&w=750 562w,↵https://www.datocms-assets.com/205/image.png?ar=16%3A9&dpr=1&fit=crop&w=750 750w,↵https://www.datocms-assets.com/205/image.png?ar=16%3A9&dpr=1.5&fit=crop&w=750 1125w,↵https://www.datocms-assets.com/205/image.png?ar=16%3A9&dpr=2&fit=crop&w=750 1500w,↵https://www.datocms-assets.com/205/image.png?ar=16%3A9&dpr=3&fit=crop&w=750 2250w,↵https://www.datocms-assets.com/205/image.png?ar=16%3A9&dpr=4&fit=crop&w=750 3000w"
      />
       
      <img
        alt="DatoCMS swag"
        data-testid="img"
        loading="lazy"
        referrerpolicy="no-referrer-when-downgrade"
        src="https://www.datocms-assets.com/205/image.png?ar=16%3A9&fit=crop&w=750"
        style="background-image: url(data:image/jpeg;base64,/9j/4AAQSkZJRgABAQAAAQABAAD/2wCEAAoHBwgHBgoICAgLFQoLDhgQDg0NDh0eHREYIx8lJCIrHB0dLSs7GikyKSEuKjUlKDk1MjIyHyo4PTc+PDcxPjUBCgsLDg0OHBAQHDsoIig7Ozs7Ozs7OzsvOzs7Ozs7Ozs7Lzs7Ozs7Ozs7OzsvOzs7NTsvLy87NTU1Ly8vLzsvL//AABEIAA0AGAMBIgACEQEDEQH/xAAYAAACAwAAAAAAAAAAAAAAAAAGBwABBP/EACEQAAEEAAYDAAAAAAAAAAAAAAEAAgMEBQYHESEiFWFx/8QAFQEBAQAAAAAAAAAAAAAAAAAAAwL/xAAZEQADAAMAAAAAAAAAAAAAAAAAAQIRITH/2gAMAwEAAhEDEQA/AFxLgDWTsAd1J5TGy7hEYqNAaNgECX7sjLMQAHJTEy1Zcarfia4lJMauAxqBhLY6ZlaOzDurWvUOd3jZPfCiEh4xs//Z); background-size: cover; background-repeat: no-repeat; background-position: 50% 50%; color: transparent; aspect-ratio: 750 / 421; width: 100%; max-width: 750px; height: auto;"
        title="These are awesome, we know that."
      />
    </picture>
    <!--&lt;NakedImage&gt;-->
  </div>
</body>
`;

exports[`NakedImage > minimal data > renders correctly 1`] = `
<body>
  <div>
    <picture
      data-testid="picture"
    >
       
      <source
        srcset="https://www.datocms-assets.com/205/image.png?ar=16%3A9&fit=crop&w=750&dpr=0.25 187w,https://www.datocms-assets.com/205/image.png?ar=16%3A9&fit=crop&w=750&dpr=0.5 375w,https://www.datocms-assets.com/205/image.png?ar=16%3A9&fit=crop&w=750&dpr=0.75 562w,https://www.datocms-assets.com/205/image.png?ar=16%3A9&fit=crop&w=750 750w,https://www.datocms-assets.com/205/image.png?ar=16%3A9&fit=crop&w=750&dpr=1.5 1125w,https://www.datocms-assets.com/205/image.png?ar=16%3A9&fit=crop&w=750&dpr=2 1500w,https://www.datocms-assets.com/205/image.png?ar=16%3A9&fit=crop&w=750&dpr=3 2250w,https://www.datocms-assets.com/205/image.png?ar=16%3A9&fit=crop&w=750&dpr=4 3000w"
      />
       
      <img
        alt=""
        data-testid="img"
        loading="lazy"
        referrerpolicy="no-referrer-when-downgrade"
        src="https://www.datocms-assets.com/205/image.png?ar=16%3A9&fit=crop&w=750"
        style="background-image: url(data:image/jpeg;base64,/9j/4AAQSkZJRgABAQAAAQABAAD/2wCEAAoHBwgHBgoICAgLFQoLDhgQDg0NDh0eHREYIx8lJCIrHB0dLSs7GikyKSEuKjUlKDk1MjIyHyo4PTc+PDcxPjUBCgsLDg0OHBAQHDsoIig7Ozs7Ozs7OzsvOzs7Ozs7Ozs7Lzs7Ozs7Ozs7OzsvOzs7NTsvLy87NTU1Ly8vLzsvL//AABEIAA0AGAMBIgACEQEDEQH/xAAYAAACAwAAAAAAAAAAAAAAAAAGBwABBP/EACEQAAEEAAYDAAAAAAAAAAAAAAEAAgMEBQYHESEiFWFx/8QAFQEBAQAAAAAAAAAAAAAAAAAAAwL/xAAZEQADAAMAAAAAAAAAAAAAAAAAAQIRITH/2gAMAwEAAhEDEQA/AFxLgDWTsAd1J5TGy7hEYqNAaNgECX7sjLMQAHJTEy1Zcarfia4lJMauAxqBhLY6ZlaOzDurWvUOd3jZPfCiEh4xs//Z); background-size: cover; background-repeat: no-repeat; background-position: 50% 50%; color: transparent; aspect-ratio: 750 / 421; width: 100%; max-width: 750px; height: auto;"
      />
    </picture>
    <!--&lt;NakedImage&gt;-->
  </div>
</body>
`;

exports[`NakedImage > minimalDataWithRelativeUrl > renders correctly 1`] = `
<body>
  <div>
    <picture
      data-testid="picture"
    >
       
      <source
        srcset="/205/image.png?ar=16%3A9&fit=crop&w=750&dpr=0.25 187w,/205/image.png?ar=16%3A9&fit=crop&w=750&dpr=0.5 375w,/205/image.png?ar=16%3A9&fit=crop&w=750&dpr=0.75 562w,/205/image.png?ar=16%3A9&fit=crop&w=750 750w,/205/image.png?ar=16%3A9&fit=crop&w=750&dpr=1.5 1125w,/205/image.png?ar=16%3A9&fit=crop&w=750&dpr=2 1500w,/205/image.png?ar=16%3A9&fit=crop&w=750&dpr=3 2250w,/205/image.png?ar=16%3A9&fit=crop&w=750&dpr=4 3000w"
      />
       
      <img
        alt=""
        data-testid="img"
        loading="lazy"
        referrerpolicy="no-referrer-when-downgrade"
        src="/205/image.png?ar=16%3A9&fit=crop&w=750"
        style="background-image: url(data:image/jpeg;base64,/9j/4AAQSkZJRgABAQAAAQABAAD/2wCEAAoHBwgHBgoICAgLFQoLDhgQDg0NDh0eHREYIx8lJCIrHB0dLSs7GikyKSEuKjUlKDk1MjIyHyo4PTc+PDcxPjUBCgsLDg0OHBAQHDsoIig7Ozs7Ozs7OzsvOzs7Ozs7Ozs7Lzs7Ozs7Ozs7OzsvOzs7NTsvLy87NTU1Ly8vLzsvL//AABEIAA0AGAMBIgACEQEDEQH/xAAYAAACAwAAAAAAAAAAAAAAAAAGBwABBP/EACEQAAEEAAYDAAAAAAAAAAAAAAEAAgMEBQYHESEiFWFx/8QAFQEBAQAAAAAAAAAAAAAAAAAAAwL/xAAZEQADAAMAAAAAAAAAAAAAAAAAAQIRITH/2gAMAwEAAhEDEQA/AFxLgDWTsAd1J5TGy7hEYqNAaNgECX7sjLMQAHJTEy1Zcarfia4lJMauAxqBhLY6ZlaOzDurWvUOd3jZPfCiEh4xs//Z); background-size: cover; background-repeat: no-repeat; background-position: 50% 50%; color: transparent; aspect-ratio: 750 / 421; width: 100%; max-width: 750px; height: auto;"
      />
    </picture>
    <!--&lt;NakedImage&gt;-->
  </div>
</body>
`;

exports[`NakedImage > passing className and/or style > renders correctly 1`] = `
<body>
  <div>
    <picture
      class="picture-class-name"
      data-testid="picture"
      picturestyle="background: green;"
    >
       
      <source
        srcset="https://www.datocms-assets.com/205/image.png?ar=16%3A9&fit=crop&w=750&dpr=0.25 187w,https://www.datocms-assets.com/205/image.png?ar=16%3A9&fit=crop&w=750&dpr=0.5 375w,https://www.datocms-assets.com/205/image.png?ar=16%3A9&fit=crop&w=750&dpr=0.75 562w,https://www.datocms-assets.com/205/image.png?ar=16%3A9&fit=crop&w=750 750w,https://www.datocms-assets.com/205/image.png?ar=16%3A9&fit=crop&w=750&dpr=1.5 1125w,https://www.datocms-assets.com/205/image.png?ar=16%3A9&fit=crop&w=750&dpr=2 1500w,https://www.datocms-assets.com/205/image.png?ar=16%3A9&fit=crop&w=750&dpr=3 2250w,https://www.datocms-assets.com/205/image.png?ar=16%3A9&fit=crop&w=750&dpr=4 3000w"
      />
       
      <img
        alt=""
        class="img-class-name"
        data-testid="img"
        loading="lazy"
        referrerpolicy="no-referrer-when-downgrade"
        src="https://www.datocms-assets.com/205/image.png?ar=16%3A9&fit=crop&w=750"
        style="background-size: cover; color: transparent; aspect-ratio: 750 / 421; width: 100%; max-width: 750px; height: auto; background: red; overflow: visible; padding: 0px 10px;"
      />
    </picture>
    <!--&lt;NakedImage&gt;-->
  </div>
</body>
`;

exports[`NakedImage > priority=true > renders correctly 1`] = `
<body>
  <div>
    <picture
      data-testid="picture"
    >
       
      <source
        srcset="https://www.datocms-assets.com/205/image.png?ar=16%3A9&fit=crop&w=750&dpr=0.25 187w,https://www.datocms-assets.com/205/image.png?ar=16%3A9&fit=crop&w=750&dpr=0.5 375w,https://www.datocms-assets.com/205/image.png?ar=16%3A9&fit=crop&w=750&dpr=0.75 562w,https://www.datocms-assets.com/205/image.png?ar=16%3A9&fit=crop&w=750 750w,https://www.datocms-assets.com/205/image.png?ar=16%3A9&fit=crop&w=750&dpr=1.5 1125w,https://www.datocms-assets.com/205/image.png?ar=16%3A9&fit=crop&w=750&dpr=2 1500w,https://www.datocms-assets.com/205/image.png?ar=16%3A9&fit=crop&w=750&dpr=3 2250w,https://www.datocms-assets.com/205/image.png?ar=16%3A9&fit=crop&w=750&dpr=4 3000w"
      />
       
      <img
        alt=""
        data-testid="img"
        fetchpriority="high"
        referrerpolicy="no-referrer-when-downgrade"
        src="https://www.datocms-assets.com/205/image.png?ar=16%3A9&fit=crop&w=750"
        style="background-image: url(data:image/jpeg;base64,/9j/4AAQSkZJRgABAQAAAQABAAD/2wCEAAoHBwgHBgoICAgLFQoLDhgQDg0NDh0eHREYIx8lJCIrHB0dLSs7GikyKSEuKjUlKDk1MjIyHyo4PTc+PDcxPjUBCgsLDg0OHBAQHDsoIig7Ozs7Ozs7OzsvOzs7Ozs7Ozs7Lzs7Ozs7Ozs7OzsvOzs7NTsvLy87NTU1Ly8vLzsvL//AABEIAA0AGAMBIgACEQEDEQH/xAAYAAACAwAAAAAAAAAAAAAAAAAGBwABBP/EACEQAAEEAAYDAAAAAAAAAAAAAAEAAgMEBQYHESEiFWFx/8QAFQEBAQAAAAAAAAAAAAAAAAAAAwL/xAAZEQADAAMAAAAAAAAAAAAAAAAAAQIRITH/2gAMAwEAAhEDEQA/AFxLgDWTsAd1J5TGy7hEYqNAaNgECX7sjLMQAHJTEy1Zcarfia4lJMauAxqBhLY6ZlaOzDurWvUOd3jZPfCiEh4xs//Z); background-size: cover; background-repeat: no-repeat; background-position: 50% 50%; color: transparent; aspect-ratio: 750 / 421; width: 100%; max-width: 750px; height: auto;"
      />
    </picture>
    <!--&lt;NakedImage&gt;-->
  </div>
</body>
`;

exports[`NakedImage > usePlaceholder=false > renders correctly 1`] = `
<body>
  <div>
    <picture
      data-testid="picture"
    >
       
      <source
        srcset="https://www.datocms-assets.com/205/image.png?ar=16%3A9&fit=crop&w=750&dpr=0.25 187w,https://www.datocms-assets.com/205/image.png?ar=16%3A9&fit=crop&w=750&dpr=0.5 375w,https://www.datocms-assets.com/205/image.png?ar=16%3A9&fit=crop&w=750&dpr=0.75 562w,https://www.datocms-assets.com/205/image.png?ar=16%3A9&fit=crop&w=750 750w,https://www.datocms-assets.com/205/image.png?ar=16%3A9&fit=crop&w=750&dpr=1.5 1125w,https://www.datocms-assets.com/205/image.png?ar=16%3A9&fit=crop&w=750&dpr=2 1500w,https://www.datocms-assets.com/205/image.png?ar=16%3A9&fit=crop&w=750&dpr=3 2250w,https://www.datocms-assets.com/205/image.png?ar=16%3A9&fit=crop&w=750&dpr=4 3000w"
      />
       
      <img
        alt=""
        data-testid="img"
        loading="lazy"
        referrerpolicy="no-referrer-when-downgrade"
        src="https://www.datocms-assets.com/205/image.png?ar=16%3A9&fit=crop&w=750"
        style="aspect-ratio: 750 / 421; width: 100%; max-width: 750px; height: auto;"
      />
    </picture>
    <!--&lt;NakedImage&gt;-->
  </div>
</body>
`;
