// Vitest Snapshot v1, https://vitest.dev/guide/snapshot.html

exports[`Head > renders meta tags 1`] = `
<head>
  <title>
    Remix CMS - The easiest way to manage content with Remix
  </title>
  <meta
    content="Remix CMS - The easiest way to manage content with Remix"
    property="og:title"
  />
  <meta
    content="Remix CMS - The easiest way to manage content with Remix"
    name="twitter:title"
  />
  <meta
    content="Remix makes building scalable and fast React apps simple, pair it with a CMS that shares the same intuitiveness. Start a new Remix + Dato project now."
    name="description"
  />
  <meta
    content="Remix makes building scalable and fast React apps simple, pair it with a CMS that shares the same intuitiveness. Start a new Remix + Dato project now."
    property="og:description"
  />
  <meta
    content="Remix makes building scalable and fast React apps simple, pair it with a CMS that shares the same intuitiveness. Start a new Remix + Dato project now."
    name="twitter:description"
  />
  <meta
    content="https://www.datocms-assets.com/205/1642515293-full-logo.svg?fit=max&fm=jpg&w=1000"
    property="og:image"
  />
  <meta
    content="746"
    property="og:image:width"
  />
  <meta
    content="186"
    property="og:image:height"
  />
  <meta
    content="https://www.datocms-assets.com/205/1642515293-full-logo.svg?fit=max&fm=jpg&w=1000"
    name="twitter:image"
  />
  <meta
    content="en"
    property="og:locale"
  />
  <meta
    content="article"
    property="og:type"
  />
  <meta
    content="DatoCMS"
    property="og:site_name"
  />
  <meta
    content="2022-01-18T14:02:47Z"
    property="article:modified_time"
  />
  <meta
    content="summary_large_image"
    name="twitter:card"
  />
  <meta
    content="@datocms"
    name="twitter:site"
  />
  <link
    href="https://www.datocms-assets.com/205/1525789775-dato.png?h=16&w=16"
    rel="icon"
    sizes="16x16"
    type="image/png"
  />
  <link
    href="https://www.datocms-assets.com/205/1525789775-dato.png?h=32&w=32"
    rel="icon"
    sizes="32x32"
    type="image/png"
  />
  <link
    href="https://www.datocms-assets.com/205/1525789775-dato.png?h=96&w=96"
    rel="icon"
    sizes="96x96"
    type="image/png"
  />
  <link
    href="https://www.datocms-assets.com/205/1525789775-dato.png?h=192&w=192"
    rel="icon"
    sizes="192x192"
    type="image/png"
  />
  <link
    href="https://www.datocms-assets.com/205/1525789775-dato.png?h=57&w=57"
    rel="apple-touch-icon"
    sizes="57x57"
  />
  <link
    href="https://www.datocms-assets.com/205/1525789775-dato.png?h=60&w=60"
    rel="apple-touch-icon"
    sizes="60x60"
  />
  <link
    href="https://www.datocms-assets.com/205/1525789775-dato.png?h=72&w=72"
    rel="apple-touch-icon"
    sizes="72x72"
  />
  <link
    href="https://www.datocms-assets.com/205/1525789775-dato.png?h=76&w=76"
    rel="apple-touch-icon"
    sizes="76x76"
  />
  <link
    href="https://www.datocms-assets.com/205/1525789775-dato.png?h=114&w=114"
    rel="apple-touch-icon"
    sizes="114x114"
  />
  <link
    href="https://www.datocms-assets.com/205/1525789775-dato.png?h=120&w=120"
    rel="apple-touch-icon"
    sizes="120x120"
  />
  <link
    href="https://www.datocms-assets.com/205/1525789775-dato.png?h=144&w=144"
    rel="apple-touch-icon"
    sizes="144x144"
  />
  <link
    href="https://www.datocms-assets.com/205/1525789775-dato.png?h=152&w=152"
    rel="apple-touch-icon"
    sizes="152x152"
  />
  <link
    href="https://www.datocms-assets.com/205/1525789775-dato.png?h=180&w=180"
    rel="apple-touch-icon"
    sizes="180x180"
  />
  <meta
    content="https://www.datocms-assets.com/205/1525789775-dato.png?h=70&w=70"
    name="msapplication-square70x70logo"
  />
  <meta
    content="https://www.datocms-assets.com/205/1525789775-dato.png?h=150&w=150"
    name="msapplication-square150x150logo"
  />
  <meta
    content="https://www.datocms-assets.com/205/1525789775-dato.png?h=310&w=310"
    name="msapplication-square310x310logo"
  />
  <meta
    content="https://www.datocms-assets.com/205/1525789775-dato.png?h=150&w=310"
    name="msapplication-square310x150logo"
  />
  
</head>
`;
